23:51:24 S1 pre: battery=61 rtk=fix err_time=2026-09-16T15:31:25+00:00
23:51:24 S1 dispatch start
23:51:24 S1 dispatch end rc=0
OVERRIDE: sun-elevation clause bypassed by operator go (actual elevation -2.35 deg); VIO tracked-features and status clauses still enforced and clean.
{"label": "S1", "role": "scored", "dispatched_utc": "2026-09-16T23:51:24.392200+00:00", "start": [5.0166, -4.726], "target": [4.94, -4.82], "leg_m": 0.121, "corridor_min_clearance_m": 4.91, "excursion_m": 1.0, "band": "moderate", "target_rssi": -72.0, "facing_confidence": "motion_confirmed", "stop_reason": "target_reached", "landing_error_m": 0.121, "commands_sent": 0, "motion_refresh_commands_sent": 0, "samples_total": 42, "outcomes": {"completed": 42}}
23:51:24 S2 pre: battery=61 rtk=fix err_time=2026-09-16T15:31:25+00:00
23:51:24 S2 dispatch start
23:51:48 S2 dispatch end rc=0
OVERRIDE: sun-elevation clause bypassed by operator go (actual elevation -2.35 deg); VIO tracked-features and status clauses still enforced and clean.
{"label": "S2", "role": "scored", "dispatched_utc": "2026-09-16T23:51:24.809780+00:00", "start": [5.0166, -4.726], "target": [4.94, -5.82], "leg_m": 1.097, "corridor_min_clearance_m": 4.96, "excursion_m": 2.0, "band": "moderate", "target_rssi": -74.0, "facing_confidence": "motion_confirmed", "stop_reason": "target_reached", "landing_error_m": 0.089, "commands_sent": 5, "motion_refresh_commands_sent": 15, "samples_total": 67, "outcomes": {"completed": 67}}
23:51:48 S3 pre: battery=60 rtk=fix err_time=2026-09-16T15:31:25+00:00
23:51:48 S3 dispatch start
23:51:49 S3 dispatch end rc=2
HALT: daylight/VIO: vio_tracked_features 44 at dispatch below 70 (not recovered; window min 39)
23:51:49 S3 predeclared auto-retry (1) after 60s
23:52:49 S3 pre: battery=60 rtk=fix err_time=2026-09-16T15:31:25+00:00
23:52:49 S3 dispatch start
23:52:49 S3 dispatch end rc=2
HALT: daylight/VIO: vio_tracked_features 59 at dispatch below 70 (not recovered; window min 57)
23:52:49 S3 predeclared auto-retry (2) after 60s
23:53:49 S3 pre: battery=60 rtk=fix err_time=2026-09-16T15:31:25+00:00
23:53:49 S3 dispatch start
23:53:50 S3 dispatch end rc=2
HALT: daylight/VIO: vio_tracked_features 0 at dispatch below 70 (not recovered; window min 0); visual_positioning_status not all signal_good: ['signal_good', 'signal_none']
23:53:50 S3 predeclared auto-retry (3) after 60s
23:54:50 S3 pre: battery=60 rtk=fix err_time=2026-09-16T15:31:25+00:00
23:54:50 S3 dispatch start
23:54:50 S3 dispatch end rc=2
HALT: daylight/VIO: vio_tracked_features 0 at dispatch below 70 (not recovered; window min 0); visual_positioning_status not all signal_good: ['signal_good', 'signal_none']
HALT at S3 rc=2
driver exit 2
